%!Adobe-FontList 1.18
%Locale:0x409

%BeginFont
Handler:DirectoryHandler
FontType:Type1
FontName:ProximaNova-Bold
FamilyName:Proxima Nova
StyleName:Bold
FullName:Proxima Nova Bold
MenuName:Proxima Nova Rg
StyleBits:2
WritingScript:Roman
OutlineFileName:C:\nextrow\template\Document fonts\Proxima Nova Bold.otf
DataFormat:sfntData
UsesStandardEncoding:yes
isCFF:yes
hasSVG:no
FileLength:63808
FileModTime:1509881658
WeightClass:700
WidthClass:5
AngleClass:0
NameArray:0,Mac,4,Proxima Nova Bold
NameArray:0,Win,1,Proxima Nova Rg
NameArray:0,Win,16,Proxima Nova
%EndFont

%BeginFont
Handler:DirectoryHandler
FontType:Type1
FontName:ProximaNovaCond-Bold
FamilyName:Proxima Nova Condensed
StyleName:Bold
FullName:Proxima Nova Condensed Bold
MenuName:Proxima Nova Cn Rg
StyleBits:2
WritingScript:Roman
OutlineFileName:C:\nextrow\template\Document fonts\Proxima Nova Cond Bold.otf
DataFormat:sfntData
UsesStandardEncoding:yes
isCFF:yes
hasSVG:no
FileLength:64744
FileModTime:1509881666
WeightClass:700
WidthClass:5
AngleClass:0
NameArray:0,Mac,18,Proxima Nova Cond Bold
NameArray:0,Mac,4,Proxima Nova Condensed Bold
NameArray:0,Win,1,Proxima Nova Cn Rg
NameArray:0,Win,16,Proxima Nova Condensed
%EndFont

%BeginFont
Handler:DirectoryHandler
FontType:Type1
FontName:ProximaNovaCond-Light
FamilyName:Proxima Nova Condensed
StyleName:Light
FullName:Proxima Nova Condensed Light
MenuName:Proxima Nova Cn Lt
StyleBits:0
WritingScript:Roman
OutlineFileName:C:\nextrow\template\Document fonts\Proxima Nova Cond Light.otf
DataFormat:sfntData
UsesStandardEncoding:yes
isCFF:yes
hasSVG:no
FileLength:64036
FileModTime:1509881670
WeightClass:300
WidthClass:5
AngleClass:0
NameArray:0,Mac,18,Proxima Nova Cond Light
NameArray:0,Mac,4,Proxima Nova Condensed Light
NameArray:0,Win,1,Proxima Nova Cn Lt
NameArray:0,Win,16,Proxima Nova Condensed
%EndFont

%BeginFont
Handler:DirectoryHandler
FontType:Type1
FontName:ProximaNovaCond-Regular
FamilyName:Proxima Nova Condensed
StyleName:Regular
FullName:Proxima Nova Condensed
MenuName:Proxima Nova Cn Rg
StyleBits:0
WritingScript:Roman
OutlineFileName:C:\nextrow\template\Document fonts\Proxima Nova Cond Reg.otf
DataFormat:sfntData
UsesStandardEncoding:yes
isCFF:yes
hasSVG:no
FileLength:63832
FileModTime:1509881676
WeightClass:400
WidthClass:5
AngleClass:0
NameArray:0,Mac,18,Proxima Nova Cond Regular
NameArray:0,Mac,4,Proxima Nova Condensed
NameArray:0,Win,1,Proxima Nova Cn Rg
NameArray:0,Win,16,Proxima Nova Condensed
%EndFont

%BeginFont
Handler:DirectoryHandler
FontType:Type1
FontName:ProximaNova-Light
FamilyName:Proxima Nova
StyleName:Light
FullName:Proxima Nova Light
MenuName:Proxima Nova Lt
StyleBits:0
WritingScript:Roman
OutlineFileName:C:\nextrow\template\Document fonts\Proxima Nova Light.otf
DataFormat:sfntData
UsesStandardEncoding:yes
isCFF:yes
hasSVG:no
FileLength:62968
FileModTime:1509881740
WeightClass:300
WidthClass:5
AngleClass:0
NameArray:0,Mac,4,Proxima Nova Light
NameArray:0,Win,1,Proxima Nova Lt
NameArray:0,Win,16,Proxima Nova
%EndFont

%BeginFont
Handler:DirectoryHandler
FontType:Type1
FontName:ProximaNova-Regular
FamilyName:Proxima Nova
StyleName:Regular
FullName:Proxima Nova
MenuName:Proxima Nova Rg
StyleBits:0
WritingScript:Roman
OutlineFileName:C:\nextrow\template\Document fonts\Proxima Nova Reg.otf
DataFormat:sfntData
UsesStandardEncoding:yes
isCFF:yes
hasSVG:no
FileLength:62892
FileModTime:1509881748
WeightClass:400
WidthClass:5
AngleClass:0
NameArray:0,Mac,18,Proxima Nova Regular
NameArray:0,Mac,4,Proxima Nova
NameArray:0,Win,1,Proxima Nova Rg
NameArray:0,Win,16,Proxima Nova
%EndFont

